cpu-bind=MASK - genoa006, task  0  0 [1555777]: mask 0x1 set
cpu-bind=MASK - genoa006, task  1  1 [1555778]: mask 0x100000000 set
cpu-bind=MASK - genoa006, task  2  2 [1555779]: mask 0x2 set
cpu-bind=MASK - genoa006, task  3  3 [1555780]: mask 0x200000000 set
cpu-bind=MASK - genoa006, task  4  4 [1555781]: mask 0x4 set
cpu-bind=MASK - genoa006, task  5  5 [1555782]: mask 0x400000000 set
cpu-bind=MASK - genoa006, task  6  6 [1555783]: mask 0x8 set
cpu-bind=MASK - genoa006, task  7  7 [1555784]: mask 0x800000000 set
cpu-bind=MASK - genoa006, task  8  8 [1555785]: mask 0x10 set
cpu-bind=MASK - genoa006, task  9  9 [1555786]: mask 0x1000000000 set
cpu-bind=MASK - genoa006, task 10 10 [1555787]: mask 0x20 set
cpu-bind=MASK - genoa006, task 11 11 [1555788]: mask 0x2000000000 set
cpu-bind=MASK - genoa006, task 12 12 [1555789]: mask 0x40 set
cpu-bind=MASK - genoa006, task 13 13 [1555790]: mask 0x4000000000 set
cpu-bind=MASK - genoa006, task 14 14 [1555791]: mask 0x80 set
cpu-bind=MASK - genoa006, task 15 15 [1555792]: mask 0x8000000000 set
cpu-bind=MASK - genoa006, task 16 16 [1555793]: mask 0x100 set
cpu-bind=MASK - genoa006, task 17 17 [1555794]: mask 0x10000000000 set
cpu-bind=MASK - genoa006, task 18 18 [1555795]: mask 0x200 set
cpu-bind=MASK - genoa006, task 19 19 [1555796]: mask 0x20000000000 set
cpu-bind=MASK - genoa006, task 20 20 [1555797]: mask 0x400 set
cpu-bind=MASK - genoa006, task 21 21 [1555798]: mask 0x40000000000 set
cpu-bind=MASK - genoa006, task 22 22 [1555799]: mask 0x800 set
cpu-bind=MASK - genoa006, task 23 23 [1555800]: mask 0x80000000000 set
cpu-bind=MASK - genoa006, task 24 24 [1555801]: mask 0x1000 set
cpu-bind=MASK - genoa006, task 25 25 [1555802]: mask 0x100000000000 set
cpu-bind=MASK - genoa006, task 26 26 [1555803]: mask 0x2000 set
cpu-bind=MASK - genoa006, task 27 27 [1555804]: mask 0x200000000000 set
cpu-bind=MASK - genoa006, task 28 28 [1555805]: mask 0x4000 set
cpu-bind=MASK - genoa006, task 29 29 [1555806]: mask 0x400000000000 set
cpu-bind=MASK - genoa006, task 30 30 [1555807]: mask 0x8000 set
cpu-bind=MASK - genoa006, task 31 31 [1555808]: mask 0x800000000000 set
cpu-bind=MASK - genoa006, task 32 32 [1555809]: mask 0x10000 set
cpu-bind=MASK - genoa006, task 33 33 [1555810]: mask 0x1000000000000 set
cpu-bind=MASK - genoa006, task 34 34 [1555811]: mask 0x20000 set
cpu-bind=MASK - genoa006, task 35 35 [1555812]: mask 0x2000000000000 set
cpu-bind=MASK - genoa006, task 36 36 [1555813]: mask 0x40000 set
cpu-bind=MASK - genoa006, task 37 37 [1555814]: mask 0x4000000000000 set
cpu-bind=MASK - genoa006, task 38 38 [1555815]: mask 0x80000 set
cpu-bind=MASK - genoa006, task 39 39 [1555816]: mask 0x8000000000000 set
cpu-bind=MASK - genoa006, task 40 40 [1555817]: mask 0x100000 set
cpu-bind=MASK - genoa006, task 41 41 [1555818]: mask 0x10000000000000 set
cpu-bind=MASK - genoa006, task 42 42 [1555819]: mask 0x200000 set
cpu-bind=MASK - genoa006, task 43 43 [1555820]: mask 0x20000000000000 set
cpu-bind=MASK - genoa006, task 44 44 [1555821]: mask 0x400000 set
cpu-bind=MASK - genoa006, task 45 45 [1555822]: mask 0x40000000000000 set
cpu-bind=MASK - genoa006, task 46 46 [1555823]: mask 0x800000 set
cpu-bind=MASK - genoa006, task 47 47 [1555824]: mask 0x80000000000000 set
cpu-bind=MASK - genoa006, task 48 48 [1555825]: mask 0x1000000 set
cpu-bind=MASK - genoa006, task 49 49 [1555826]: mask 0x100000000000000 set
cpu-bind=MASK - genoa006, task 50 50 [1555827]: mask 0x2000000 set
cpu-bind=MASK - genoa006, task 51 51 [1555828]: mask 0x200000000000000 set
cpu-bind=MASK - genoa006, task 52 52 [1555829]: mask 0x4000000 set
cpu-bind=MASK - genoa006, task 53 53 [1555830]: mask 0x400000000000000 set
cpu-bind=MASK - genoa006, task 54 54 [1555831]: mask 0x8000000 set
cpu-bind=MASK - genoa006, task 55 55 [1555832]: mask 0x800000000000000 set
cpu-bind=MASK - genoa006, task 56 56 [1555833]: mask 0x10000000 set
cpu-bind=MASK - genoa006, task 57 57 [1555834]: mask 0x1000000000000000 set
cpu-bind=MASK - genoa006, task 58 58 [1555835]: mask 0x20000000 set
cpu-bind=MASK - genoa006, task 59 59 [1555836]: mask 0x2000000000000000 set
cpu-bind=MASK - genoa006, task 60 60 [1555837]: mask 0x40000000 set
cpu-bind=MASK - genoa006, task 61 61 [1555838]: mask 0x4000000000000000 set
cpu-bind=MASK - genoa006, task 62 62 [1555839]: mask 0x80000000 set
cpu-bind=MASK - genoa006, task 63 63 [1555840]: mask 0x8000000000000000 set
# final: N=100000 steps=20 ranks=64 threads_per_rank=1 integrator=kdk comm=sendrecv kernel=direct rsqrt=exact arithmetic_dtype=double accumulators=4 max_relative_energy_drift=3.2429078495986598e-07 tolerance=0.0001 status=OK
# timing_max_seconds total=13.436665 io=0.087439 drift=0.000046 force=12.303715 comm_wait=0.077840 kick=0.000155 energy=1.045747
# kernel_rate pair_interactions_per_second=1.706785e+10 gpair_interactions_per_second=17.067845
