cpu-bind=MASK - genoa006, task  0  0 [1556489]: mask 0x1 set
cpu-bind=MASK - genoa006, task  1  1 [1556490]: mask 0x100000000 set
cpu-bind=MASK - genoa006, task  2  2 [1556491]: mask 0x2 set
cpu-bind=MASK - genoa006, task  3  3 [1556492]: mask 0x200000000 set
cpu-bind=MASK - genoa006, task  4  4 [1556493]: mask 0x4 set
cpu-bind=MASK - genoa006, task  5  5 [1556494]: mask 0x400000000 set
cpu-bind=MASK - genoa006, task  6  6 [1556495]: mask 0x8 set
cpu-bind=MASK - genoa006, task  7  7 [1556496]: mask 0x800000000 set
cpu-bind=MASK - genoa006, task  8  8 [1556497]: mask 0x10 set
cpu-bind=MASK - genoa006, task  9  9 [1556498]: mask 0x1000000000 set
cpu-bind=MASK - genoa006, task 10 10 [1556499]: mask 0x20 set
cpu-bind=MASK - genoa006, task 11 11 [1556500]: mask 0x2000000000 set
cpu-bind=MASK - genoa006, task 12 12 [1556501]: mask 0x40 set
cpu-bind=MASK - genoa006, task 13 13 [1556502]: mask 0x4000000000 set
cpu-bind=MASK - genoa006, task 14 14 [1556503]: mask 0x80 set
cpu-bind=MASK - genoa006, task 15 15 [1556504]: mask 0x8000000000 set
cpu-bind=MASK - genoa006, task 16 16 [1556505]: mask 0x100 set
cpu-bind=MASK - genoa006, task 17 17 [1556506]: mask 0x10000000000 set
cpu-bind=MASK - genoa006, task 18 18 [1556507]: mask 0x200 set
cpu-bind=MASK - genoa006, task 19 19 [1556508]: mask 0x20000000000 set
cpu-bind=MASK - genoa006, task 20 20 [1556509]: mask 0x400 set
cpu-bind=MASK - genoa006, task 21 21 [1556510]: mask 0x40000000000 set
cpu-bind=MASK - genoa006, task 22 22 [1556511]: mask 0x800 set
cpu-bind=MASK - genoa006, task 23 23 [1556512]: mask 0x80000000000 set
cpu-bind=MASK - genoa006, task 24 24 [1556513]: mask 0x1000 set
cpu-bind=MASK - genoa006, task 25 25 [1556514]: mask 0x100000000000 set
cpu-bind=MASK - genoa006, task 26 26 [1556515]: mask 0x2000 set
cpu-bind=MASK - genoa006, task 27 27 [1556516]: mask 0x200000000000 set
cpu-bind=MASK - genoa006, task 28 28 [1556517]: mask 0x4000 set
cpu-bind=MASK - genoa006, task 29 29 [1556518]: mask 0x400000000000 set
cpu-bind=MASK - genoa006, task 30 30 [1556519]: mask 0x8000 set
cpu-bind=MASK - genoa006, task 31 31 [1556520]: mask 0x800000000000 set
cpu-bind=MASK - genoa006, task 32 32 [1556521]: mask 0x10000 set
cpu-bind=MASK - genoa006, task 33 33 [1556522]: mask 0x1000000000000 set
cpu-bind=MASK - genoa006, task 34 34 [1556523]: mask 0x20000 set
cpu-bind=MASK - genoa006, task 35 35 [1556524]: mask 0x2000000000000 set
cpu-bind=MASK - genoa006, task 36 36 [1556525]: mask 0x40000 set
cpu-bind=MASK - genoa006, task 37 37 [1556526]: mask 0x4000000000000 set
cpu-bind=MASK - genoa006, task 38 38 [1556527]: mask 0x80000 set
cpu-bind=MASK - genoa006, task 39 39 [1556528]: mask 0x8000000000000 set
cpu-bind=MASK - genoa006, task 40 40 [1556529]: mask 0x100000 set
cpu-bind=MASK - genoa006, task 41 41 [1556530]: mask 0x10000000000000 set
cpu-bind=MASK - genoa006, task 42 42 [1556531]: mask 0x200000 set
cpu-bind=MASK - genoa006, task 43 43 [1556532]: mask 0x20000000000000 set
cpu-bind=MASK - genoa006, task 44 44 [1556533]: mask 0x400000 set
cpu-bind=MASK - genoa006, task 45 45 [1556534]: mask 0x40000000000000 set
cpu-bind=MASK - genoa006, task 46 46 [1556535]: mask 0x800000 set
cpu-bind=MASK - genoa006, task 47 47 [1556536]: mask 0x80000000000000 set
cpu-bind=MASK - genoa006, task 48 48 [1556537]: mask 0x1000000 set
cpu-bind=MASK - genoa006, task 49 49 [1556538]: mask 0x100000000000000 set
cpu-bind=MASK - genoa006, task 50 50 [1556539]: mask 0x2000000 set
cpu-bind=MASK - genoa006, task 51 51 [1556540]: mask 0x200000000000000 set
cpu-bind=MASK - genoa006, task 52 52 [1556541]: mask 0x4000000 set
cpu-bind=MASK - genoa006, task 53 53 [1556542]: mask 0x400000000000000 set
cpu-bind=MASK - genoa006, task 54 54 [1556543]: mask 0x8000000 set
cpu-bind=MASK - genoa006, task 55 55 [1556544]: mask 0x800000000000000 set
cpu-bind=MASK - genoa006, task 56 56 [1556545]: mask 0x10000000 set
cpu-bind=MASK - genoa006, task 57 57 [1556546]: mask 0x1000000000000000 set
cpu-bind=MASK - genoa006, task 58 58 [1556547]: mask 0x20000000 set
cpu-bind=MASK - genoa006, task 59 59 [1556548]: mask 0x2000000000000000 set
cpu-bind=MASK - genoa006, task 60 60 [1556549]: mask 0x40000000 set
cpu-bind=MASK - genoa006, task 61 61 [1556550]: mask 0x4000000000000000 set
cpu-bind=MASK - genoa006, task 62 62 [1556551]: mask 0x80000000 set
cpu-bind=MASK - genoa006, task 63 63 [1556552]: mask 0x8000000000000000 set
# final: N=100000 steps=20 ranks=64 threads_per_rank=1 integrator=kdk comm=sendrecv kernel=direct rsqrt=exact arithmetic_dtype=double accumulators=4 max_relative_energy_drift=4.9355452992872889e-07 tolerance=0.0001 status=OK
# timing_max_seconds total=13.447604 io=0.075670 drift=0.000050 force=12.334240 comm_wait=0.109518 kick=0.000153 energy=1.037872
# kernel_rate pair_interactions_per_second=1.702561e+10 gpair_interactions_per_second=17.025605
