cpu-bind=MASK - genoa006, task  0  0 [1557199]: mask 0x1 set
cpu-bind=MASK - genoa006, task  1  1 [1557200]: mask 0x100000000 set
cpu-bind=MASK - genoa006, task  2  2 [1557201]: mask 0x2 set
cpu-bind=MASK - genoa006, task  3  3 [1557202]: mask 0x200000000 set
cpu-bind=MASK - genoa006, task  4  4 [1557203]: mask 0x4 set
cpu-bind=MASK - genoa006, task  5  5 [1557204]: mask 0x400000000 set
cpu-bind=MASK - genoa006, task  6  6 [1557205]: mask 0x8 set
cpu-bind=MASK - genoa006, task  7  7 [1557206]: mask 0x800000000 set
cpu-bind=MASK - genoa006, task  8  8 [1557207]: mask 0x10 set
cpu-bind=MASK - genoa006, task  9  9 [1557208]: mask 0x1000000000 set
cpu-bind=MASK - genoa006, task 10 10 [1557209]: mask 0x20 set
cpu-bind=MASK - genoa006, task 11 11 [1557210]: mask 0x2000000000 set
cpu-bind=MASK - genoa006, task 12 12 [1557211]: mask 0x40 set
cpu-bind=MASK - genoa006, task 13 13 [1557212]: mask 0x4000000000 set
cpu-bind=MASK - genoa006, task 14 14 [1557213]: mask 0x80 set
cpu-bind=MASK - genoa006, task 15 15 [1557214]: mask 0x8000000000 set
cpu-bind=MASK - genoa006, task 16 16 [1557215]: mask 0x100 set
cpu-bind=MASK - genoa006, task 17 17 [1557216]: mask 0x10000000000 set
cpu-bind=MASK - genoa006, task 18 18 [1557217]: mask 0x200 set
cpu-bind=MASK - genoa006, task 19 19 [1557218]: mask 0x20000000000 set
cpu-bind=MASK - genoa006, task 20 20 [1557219]: mask 0x400 set
cpu-bind=MASK - genoa006, task 21 21 [1557220]: mask 0x40000000000 set
cpu-bind=MASK - genoa006, task 22 22 [1557221]: mask 0x800 set
cpu-bind=MASK - genoa006, task 23 23 [1557222]: mask 0x80000000000 set
cpu-bind=MASK - genoa006, task 24 24 [1557223]: mask 0x1000 set
cpu-bind=MASK - genoa006, task 25 25 [1557224]: mask 0x100000000000 set
cpu-bind=MASK - genoa006, task 26 26 [1557225]: mask 0x2000 set
cpu-bind=MASK - genoa006, task 27 27 [1557226]: mask 0x200000000000 set
cpu-bind=MASK - genoa006, task 28 28 [1557227]: mask 0x4000 set
cpu-bind=MASK - genoa006, task 29 29 [1557228]: mask 0x400000000000 set
cpu-bind=MASK - genoa006, task 30 30 [1557229]: mask 0x8000 set
cpu-bind=MASK - genoa006, task 31 31 [1557230]: mask 0x800000000000 set
cpu-bind=MASK - genoa006, task 32 32 [1557231]: mask 0x10000 set
cpu-bind=MASK - genoa006, task 33 33 [1557232]: mask 0x1000000000000 set
cpu-bind=MASK - genoa006, task 34 34 [1557233]: mask 0x20000 set
cpu-bind=MASK - genoa006, task 35 35 [1557234]: mask 0x2000000000000 set
cpu-bind=MASK - genoa006, task 36 36 [1557235]: mask 0x40000 set
cpu-bind=MASK - genoa006, task 37 37 [1557236]: mask 0x4000000000000 set
cpu-bind=MASK - genoa006, task 38 38 [1557237]: mask 0x80000 set
cpu-bind=MASK - genoa006, task 39 39 [1557238]: mask 0x8000000000000 set
cpu-bind=MASK - genoa006, task 40 40 [1557239]: mask 0x100000 set
cpu-bind=MASK - genoa006, task 41 41 [1557240]: mask 0x10000000000000 set
cpu-bind=MASK - genoa006, task 42 42 [1557241]: mask 0x200000 set
cpu-bind=MASK - genoa006, task 43 43 [1557242]: mask 0x20000000000000 set
cpu-bind=MASK - genoa006, task 44 44 [1557243]: mask 0x400000 set
cpu-bind=MASK - genoa006, task 45 45 [1557244]: mask 0x40000000000000 set
cpu-bind=MASK - genoa006, task 46 46 [1557245]: mask 0x800000 set
cpu-bind=MASK - genoa006, task 47 47 [1557246]: mask 0x80000000000000 set
cpu-bind=MASK - genoa006, task 48 48 [1557247]: mask 0x1000000 set
cpu-bind=MASK - genoa006, task 49 49 [1557248]: mask 0x100000000000000 set
cpu-bind=MASK - genoa006, task 50 50 [1557249]: mask 0x2000000 set
cpu-bind=MASK - genoa006, task 51 51 [1557250]: mask 0x200000000000000 set
cpu-bind=MASK - genoa006, task 52 52 [1557251]: mask 0x4000000 set
cpu-bind=MASK - genoa006, task 53 53 [1557252]: mask 0x400000000000000 set
cpu-bind=MASK - genoa006, task 54 54 [1557253]: mask 0x8000000 set
cpu-bind=MASK - genoa006, task 55 55 [1557254]: mask 0x800000000000000 set
cpu-bind=MASK - genoa006, task 56 56 [1557255]: mask 0x10000000 set
cpu-bind=MASK - genoa006, task 57 57 [1557256]: mask 0x1000000000000000 set
cpu-bind=MASK - genoa006, task 58 58 [1557257]: mask 0x20000000 set
cpu-bind=MASK - genoa006, task 59 59 [1557258]: mask 0x2000000000000000 set
cpu-bind=MASK - genoa006, task 60 60 [1557259]: mask 0x40000000 set
cpu-bind=MASK - genoa006, task 61 61 [1557260]: mask 0x4000000000000000 set
cpu-bind=MASK - genoa006, task 62 62 [1557261]: mask 0x80000000 set
cpu-bind=MASK - genoa006, task 63 63 [1557262]: mask 0x8000000000000000 set
# final: N=100000 steps=20 ranks=64 threads_per_rank=1 integrator=kdk comm=sendrecv kernel=direct rsqrt=exact arithmetic_dtype=double accumulators=4 max_relative_energy_drift=3.4389968897113093e-07 tolerance=0.0001 status=OK
# timing_max_seconds total=13.432469 io=0.086244 drift=0.000046 force=12.310593 comm_wait=0.085947 kick=0.000142 energy=1.036042
# kernel_rate pair_interactions_per_second=1.705831e+10 gpair_interactions_per_second=17.058309
