cpu-bind=MASK - genoa006, task  0  0 [1556847]: mask 0x1 set
cpu-bind=MASK - genoa006, task  1  1 [1556848]: mask 0x100000000 set
cpu-bind=MASK - genoa006, task  2  2 [1556849]: mask 0x2 set
cpu-bind=MASK - genoa006, task  3  3 [1556850]: mask 0x200000000 set
cpu-bind=MASK - genoa006, task  4  4 [1556851]: mask 0x4 set
cpu-bind=MASK - genoa006, task  5  5 [1556852]: mask 0x400000000 set
cpu-bind=MASK - genoa006, task  6  6 [1556853]: mask 0x8 set
cpu-bind=MASK - genoa006, task  7  7 [1556854]: mask 0x800000000 set
cpu-bind=MASK - genoa006, task  8  8 [1556855]: mask 0x10 set
cpu-bind=MASK - genoa006, task  9  9 [1556856]: mask 0x1000000000 set
cpu-bind=MASK - genoa006, task 10 10 [1556857]: mask 0x20 set
cpu-bind=MASK - genoa006, task 11 11 [1556858]: mask 0x2000000000 set
cpu-bind=MASK - genoa006, task 12 12 [1556859]: mask 0x40 set
cpu-bind=MASK - genoa006, task 13 13 [1556860]: mask 0x4000000000 set
cpu-bind=MASK - genoa006, task 14 14 [1556861]: mask 0x80 set
cpu-bind=MASK - genoa006, task 15 15 [1556862]: mask 0x8000000000 set
cpu-bind=MASK - genoa006, task 16 16 [1556863]: mask 0x100 set
cpu-bind=MASK - genoa006, task 17 17 [1556864]: mask 0x10000000000 set
cpu-bind=MASK - genoa006, task 18 18 [1556865]: mask 0x200 set
cpu-bind=MASK - genoa006, task 19 19 [1556866]: mask 0x20000000000 set
cpu-bind=MASK - genoa006, task 20 20 [1556867]: mask 0x400 set
cpu-bind=MASK - genoa006, task 21 21 [1556868]: mask 0x40000000000 set
cpu-bind=MASK - genoa006, task 22 22 [1556869]: mask 0x800 set
cpu-bind=MASK - genoa006, task 23 23 [1556870]: mask 0x80000000000 set
cpu-bind=MASK - genoa006, task 24 24 [1556871]: mask 0x1000 set
cpu-bind=MASK - genoa006, task 25 25 [1556872]: mask 0x100000000000 set
cpu-bind=MASK - genoa006, task 26 26 [1556873]: mask 0x2000 set
cpu-bind=MASK - genoa006, task 27 27 [1556874]: mask 0x200000000000 set
cpu-bind=MASK - genoa006, task 28 28 [1556875]: mask 0x4000 set
cpu-bind=MASK - genoa006, task 29 29 [1556876]: mask 0x400000000000 set
cpu-bind=MASK - genoa006, task 30 30 [1556877]: mask 0x8000 set
cpu-bind=MASK - genoa006, task 31 31 [1556878]: mask 0x800000000000 set
cpu-bind=MASK - genoa006, task 32 32 [1556879]: mask 0x10000 set
cpu-bind=MASK - genoa006, task 33 33 [1556880]: mask 0x1000000000000 set
cpu-bind=MASK - genoa006, task 34 34 [1556881]: mask 0x20000 set
cpu-bind=MASK - genoa006, task 35 35 [1556882]: mask 0x2000000000000 set
cpu-bind=MASK - genoa006, task 36 36 [1556883]: mask 0x40000 set
cpu-bind=MASK - genoa006, task 37 37 [1556884]: mask 0x4000000000000 set
cpu-bind=MASK - genoa006, task 38 38 [1556885]: mask 0x80000 set
cpu-bind=MASK - genoa006, task 39 39 [1556886]: mask 0x8000000000000 set
cpu-bind=MASK - genoa006, task 40 40 [1556887]: mask 0x100000 set
cpu-bind=MASK - genoa006, task 41 41 [1556888]: mask 0x10000000000000 set
cpu-bind=MASK - genoa006, task 42 42 [1556889]: mask 0x200000 set
cpu-bind=MASK - genoa006, task 43 43 [1556890]: mask 0x20000000000000 set
cpu-bind=MASK - genoa006, task 44 44 [1556891]: mask 0x400000 set
cpu-bind=MASK - genoa006, task 45 45 [1556892]: mask 0x40000000000000 set
cpu-bind=MASK - genoa006, task 46 46 [1556893]: mask 0x800000 set
cpu-bind=MASK - genoa006, task 47 47 [1556894]: mask 0x80000000000000 set
cpu-bind=MASK - genoa006, task 48 48 [1556895]: mask 0x1000000 set
cpu-bind=MASK - genoa006, task 49 49 [1556896]: mask 0x100000000000000 set
cpu-bind=MASK - genoa006, task 50 50 [1556897]: mask 0x2000000 set
cpu-bind=MASK - genoa006, task 51 51 [1556898]: mask 0x200000000000000 set
cpu-bind=MASK - genoa006, task 52 52 [1556899]: mask 0x4000000 set
cpu-bind=MASK - genoa006, task 53 53 [1556900]: mask 0x400000000000000 set
cpu-bind=MASK - genoa006, task 54 54 [1556901]: mask 0x8000000 set
cpu-bind=MASK - genoa006, task 55 55 [1556902]: mask 0x800000000000000 set
cpu-bind=MASK - genoa006, task 56 56 [1556903]: mask 0x10000000 set
cpu-bind=MASK - genoa006, task 57 57 [1556904]: mask 0x1000000000000000 set
cpu-bind=MASK - genoa006, task 58 58 [1556905]: mask 0x20000000 set
cpu-bind=MASK - genoa006, task 59 59 [1556906]: mask 0x2000000000000000 set
cpu-bind=MASK - genoa006, task 60 60 [1556907]: mask 0x40000000 set
cpu-bind=MASK - genoa006, task 61 61 [1556908]: mask 0x4000000000000000 set
cpu-bind=MASK - genoa006, task 62 62 [1556909]: mask 0x80000000 set
cpu-bind=MASK - genoa006, task 63 63 [1556910]: mask 0x8000000000000000 set
# final: N=100000 steps=20 ranks=64 threads_per_rank=1 integrator=kdk comm=sendrecv kernel=direct rsqrt=exact arithmetic_dtype=double accumulators=4 max_relative_energy_drift=3.4569224916184542e-07 tolerance=0.0001 status=OK
# timing_max_seconds total=13.483803 io=0.129584 drift=0.000049 force=12.318361 comm_wait=0.094878 kick=0.000144 energy=1.035991
# kernel_rate pair_interactions_per_second=1.704755e+10 gpair_interactions_per_second=17.047552
