cpu-bind=MASK - genoa006, task  0  0 [1557555]: mask 0x1 set
cpu-bind=MASK - genoa006, task  1  1 [1557556]: mask 0x100000000 set
cpu-bind=MASK - genoa006, task  2  2 [1557557]: mask 0x2 set
cpu-bind=MASK - genoa006, task  3  3 [1557558]: mask 0x200000000 set
cpu-bind=MASK - genoa006, task  4  4 [1557559]: mask 0x4 set
cpu-bind=MASK - genoa006, task  5  5 [1557560]: mask 0x400000000 set
cpu-bind=MASK - genoa006, task  6  6 [1557561]: mask 0x8 set
cpu-bind=MASK - genoa006, task  7  7 [1557562]: mask 0x800000000 set
cpu-bind=MASK - genoa006, task  8  8 [1557563]: mask 0x10 set
cpu-bind=MASK - genoa006, task  9  9 [1557564]: mask 0x1000000000 set
cpu-bind=MASK - genoa006, task 10 10 [1557565]: mask 0x20 set
cpu-bind=MASK - genoa006, task 11 11 [1557566]: mask 0x2000000000 set
cpu-bind=MASK - genoa006, task 12 12 [1557567]: mask 0x40 set
cpu-bind=MASK - genoa006, task 13 13 [1557568]: mask 0x4000000000 set
cpu-bind=MASK - genoa006, task 14 14 [1557569]: mask 0x80 set
cpu-bind=MASK - genoa006, task 15 15 [1557570]: mask 0x8000000000 set
cpu-bind=MASK - genoa006, task 16 16 [1557571]: mask 0x100 set
cpu-bind=MASK - genoa006, task 17 17 [1557572]: mask 0x10000000000 set
cpu-bind=MASK - genoa006, task 18 18 [1557573]: mask 0x200 set
cpu-bind=MASK - genoa006, task 19 19 [1557574]: mask 0x20000000000 set
cpu-bind=MASK - genoa006, task 20 20 [1557575]: mask 0x400 set
cpu-bind=MASK - genoa006, task 21 21 [1557576]: mask 0x40000000000 set
cpu-bind=MASK - genoa006, task 22 22 [1557577]: mask 0x800 set
cpu-bind=MASK - genoa006, task 23 23 [1557578]: mask 0x80000000000 set
cpu-bind=MASK - genoa006, task 24 24 [1557579]: mask 0x1000 set
cpu-bind=MASK - genoa006, task 25 25 [1557580]: mask 0x100000000000 set
cpu-bind=MASK - genoa006, task 26 26 [1557581]: mask 0x2000 set
cpu-bind=MASK - genoa006, task 27 27 [1557582]: mask 0x200000000000 set
cpu-bind=MASK - genoa006, task 28 28 [1557583]: mask 0x4000 set
cpu-bind=MASK - genoa006, task 29 29 [1557584]: mask 0x400000000000 set
cpu-bind=MASK - genoa006, task 30 30 [1557585]: mask 0x8000 set
cpu-bind=MASK - genoa006, task 31 31 [1557586]: mask 0x800000000000 set
cpu-bind=MASK - genoa006, task 32 32 [1557587]: mask 0x10000 set
cpu-bind=MASK - genoa006, task 33 33 [1557588]: mask 0x1000000000000 set
cpu-bind=MASK - genoa006, task 34 34 [1557589]: mask 0x20000 set
cpu-bind=MASK - genoa006, task 35 35 [1557590]: mask 0x2000000000000 set
cpu-bind=MASK - genoa006, task 36 36 [1557591]: mask 0x40000 set
cpu-bind=MASK - genoa006, task 37 37 [1557592]: mask 0x4000000000000 set
cpu-bind=MASK - genoa006, task 38 38 [1557593]: mask 0x80000 set
cpu-bind=MASK - genoa006, task 39 39 [1557594]: mask 0x8000000000000 set
cpu-bind=MASK - genoa006, task 40 40 [1557595]: mask 0x100000 set
cpu-bind=MASK - genoa006, task 41 41 [1557596]: mask 0x10000000000000 set
cpu-bind=MASK - genoa006, task 42 42 [1557597]: mask 0x200000 set
cpu-bind=MASK - genoa006, task 43 43 [1557598]: mask 0x20000000000000 set
cpu-bind=MASK - genoa006, task 44 44 [1557599]: mask 0x400000 set
cpu-bind=MASK - genoa006, task 45 45 [1557600]: mask 0x40000000000000 set
cpu-bind=MASK - genoa006, task 46 46 [1557601]: mask 0x800000 set
cpu-bind=MASK - genoa006, task 47 47 [1557602]: mask 0x80000000000000 set
cpu-bind=MASK - genoa006, task 48 48 [1557603]: mask 0x1000000 set
cpu-bind=MASK - genoa006, task 49 49 [1557604]: mask 0x100000000000000 set
cpu-bind=MASK - genoa006, task 50 50 [1557605]: mask 0x2000000 set
cpu-bind=MASK - genoa006, task 51 51 [1557606]: mask 0x200000000000000 set
cpu-bind=MASK - genoa006, task 52 52 [1557607]: mask 0x4000000 set
cpu-bind=MASK - genoa006, task 53 53 [1557608]: mask 0x400000000000000 set
cpu-bind=MASK - genoa006, task 54 54 [1557609]: mask 0x8000000 set
cpu-bind=MASK - genoa006, task 55 55 [1557610]: mask 0x800000000000000 set
cpu-bind=MASK - genoa006, task 56 56 [1557611]: mask 0x10000000 set
cpu-bind=MASK - genoa006, task 57 57 [1557612]: mask 0x1000000000000000 set
cpu-bind=MASK - genoa006, task 58 58 [1557613]: mask 0x20000000 set
cpu-bind=MASK - genoa006, task 59 59 [1557614]: mask 0x2000000000000000 set
cpu-bind=MASK - genoa006, task 60 60 [1557615]: mask 0x40000000 set
cpu-bind=MASK - genoa006, task 61 61 [1557616]: mask 0x4000000000000000 set
cpu-bind=MASK - genoa006, task 62 62 [1557617]: mask 0x80000000 set
cpu-bind=MASK - genoa006, task 63 63 [1557618]: mask 0x8000000000000000 set
# final: N=100000 steps=20 ranks=64 threads_per_rank=1 integrator=kdk comm=sendrecv kernel=direct rsqrt=exact arithmetic_dtype=double accumulators=4 max_relative_energy_drift=3.4105920373308354e-07 tolerance=0.0001 status=OK
# timing_max_seconds total=13.426857 io=0.077102 drift=0.000048 force=12.313377 comm_wait=0.083813 kick=0.000144 energy=1.036501
# kernel_rate pair_interactions_per_second=1.705445e+10 gpair_interactions_per_second=17.054452
