cpu-bind=MASK - genoa006, task  0  0 [1556134]: mask 0x1 set
cpu-bind=MASK - genoa006, task  1  1 [1556135]: mask 0x100000000 set
cpu-bind=MASK - genoa006, task  2  2 [1556136]: mask 0x2 set
cpu-bind=MASK - genoa006, task  3  3 [1556137]: mask 0x200000000 set
cpu-bind=MASK - genoa006, task  4  4 [1556138]: mask 0x4 set
cpu-bind=MASK - genoa006, task  5  5 [1556139]: mask 0x400000000 set
cpu-bind=MASK - genoa006, task  6  6 [1556140]: mask 0x8 set
cpu-bind=MASK - genoa006, task  7  7 [1556141]: mask 0x800000000 set
cpu-bind=MASK - genoa006, task  8  8 [1556142]: mask 0x10 set
cpu-bind=MASK - genoa006, task  9  9 [1556143]: mask 0x1000000000 set
cpu-bind=MASK - genoa006, task 10 10 [1556144]: mask 0x20 set
cpu-bind=MASK - genoa006, task 11 11 [1556145]: mask 0x2000000000 set
cpu-bind=MASK - genoa006, task 12 12 [1556146]: mask 0x40 set
cpu-bind=MASK - genoa006, task 13 13 [1556147]: mask 0x4000000000 set
cpu-bind=MASK - genoa006, task 14 14 [1556148]: mask 0x80 set
cpu-bind=MASK - genoa006, task 15 15 [1556149]: mask 0x8000000000 set
cpu-bind=MASK - genoa006, task 16 16 [1556150]: mask 0x100 set
cpu-bind=MASK - genoa006, task 17 17 [1556151]: mask 0x10000000000 set
cpu-bind=MASK - genoa006, task 18 18 [1556152]: mask 0x200 set
cpu-bind=MASK - genoa006, task 19 19 [1556153]: mask 0x20000000000 set
cpu-bind=MASK - genoa006, task 20 20 [1556154]: mask 0x400 set
cpu-bind=MASK - genoa006, task 21 21 [1556155]: mask 0x40000000000 set
cpu-bind=MASK - genoa006, task 22 22 [1556156]: mask 0x800 set
cpu-bind=MASK - genoa006, task 23 23 [1556157]: mask 0x80000000000 set
cpu-bind=MASK - genoa006, task 24 24 [1556158]: mask 0x1000 set
cpu-bind=MASK - genoa006, task 25 25 [1556159]: mask 0x100000000000 set
cpu-bind=MASK - genoa006, task 26 26 [1556160]: mask 0x2000 set
cpu-bind=MASK - genoa006, task 27 27 [1556161]: mask 0x200000000000 set
cpu-bind=MASK - genoa006, task 28 28 [1556162]: mask 0x4000 set
cpu-bind=MASK - genoa006, task 29 29 [1556163]: mask 0x400000000000 set
cpu-bind=MASK - genoa006, task 30 30 [1556164]: mask 0x8000 set
cpu-bind=MASK - genoa006, task 31 31 [1556165]: mask 0x800000000000 set
cpu-bind=MASK - genoa006, task 32 32 [1556166]: mask 0x10000 set
cpu-bind=MASK - genoa006, task 33 33 [1556167]: mask 0x1000000000000 set
cpu-bind=MASK - genoa006, task 34 34 [1556168]: mask 0x20000 set
cpu-bind=MASK - genoa006, task 35 35 [1556169]: mask 0x2000000000000 set
cpu-bind=MASK - genoa006, task 36 36 [1556170]: mask 0x40000 set
cpu-bind=MASK - genoa006, task 37 37 [1556171]: mask 0x4000000000000 set
cpu-bind=MASK - genoa006, task 38 38 [1556172]: mask 0x80000 set
cpu-bind=MASK - genoa006, task 39 39 [1556173]: mask 0x8000000000000 set
cpu-bind=MASK - genoa006, task 40 40 [1556174]: mask 0x100000 set
cpu-bind=MASK - genoa006, task 41 41 [1556175]: mask 0x10000000000000 set
cpu-bind=MASK - genoa006, task 42 42 [1556176]: mask 0x200000 set
cpu-bind=MASK - genoa006, task 43 43 [1556177]: mask 0x20000000000000 set
cpu-bind=MASK - genoa006, task 44 44 [1556178]: mask 0x400000 set
cpu-bind=MASK - genoa006, task 45 45 [1556179]: mask 0x40000000000000 set
cpu-bind=MASK - genoa006, task 46 46 [1556180]: mask 0x800000 set
cpu-bind=MASK - genoa006, task 47 47 [1556181]: mask 0x80000000000000 set
cpu-bind=MASK - genoa006, task 48 48 [1556182]: mask 0x1000000 set
cpu-bind=MASK - genoa006, task 49 49 [1556183]: mask 0x100000000000000 set
cpu-bind=MASK - genoa006, task 50 50 [1556184]: mask 0x2000000 set
cpu-bind=MASK - genoa006, task 51 51 [1556185]: mask 0x200000000000000 set
cpu-bind=MASK - genoa006, task 52 52 [1556186]: mask 0x4000000 set
cpu-bind=MASK - genoa006, task 53 53 [1556187]: mask 0x400000000000000 set
cpu-bind=MASK - genoa006, task 54 54 [1556188]: mask 0x8000000 set
cpu-bind=MASK - genoa006, task 55 55 [1556189]: mask 0x800000000000000 set
cpu-bind=MASK - genoa006, task 56 56 [1556190]: mask 0x10000000 set
cpu-bind=MASK - genoa006, task 57 57 [1556191]: mask 0x1000000000000000 set
cpu-bind=MASK - genoa006, task 58 58 [1556192]: mask 0x20000000 set
cpu-bind=MASK - genoa006, task 59 59 [1556193]: mask 0x2000000000000000 set
cpu-bind=MASK - genoa006, task 60 60 [1556194]: mask 0x40000000 set
cpu-bind=MASK - genoa006, task 61 61 [1556195]: mask 0x4000000000000000 set
cpu-bind=MASK - genoa006, task 62 62 [1556196]: mask 0x80000000 set
cpu-bind=MASK - genoa006, task 63 63 [1556197]: mask 0x8000000000000000 set
# final: N=100000 steps=20 ranks=64 threads_per_rank=1 integrator=kdk comm=sendrecv kernel=direct rsqrt=exact arithmetic_dtype=double accumulators=4 max_relative_energy_drift=3.2429078495986598e-07 tolerance=0.0001 status=OK
# timing_max_seconds total=13.581824 io=0.225632 drift=0.000045 force=12.320919 comm_wait=0.094170 kick=0.000146 energy=1.036401
# kernel_rate pair_interactions_per_second=1.704401e+10 gpair_interactions_per_second=17.044012
