cpu-bind=MASK - genoa004, task  0  0 [2626969]: mask 0x1000 set
cpu-bind=MASK - genoa004, task  1  1 [2626970]: mask 0x1000000000000 set
cpu-bind=MASK - genoa004, task  2  2 [2626971]: mask 0x2000 set
cpu-bind=MASK - genoa004, task  3  3 [2626972]: mask 0x2000000000000 set
cpu-bind=MASK - genoa004, task  4  4 [2626973]: mask 0x4000 set
cpu-bind=MASK - genoa004, task  5  5 [2626974]: mask 0x4000000000000 set
cpu-bind=MASK - genoa004, task  6  6 [2626975]: mask 0x8000 set
cpu-bind=MASK - genoa004, task  7  7 [2626976]: mask 0x8000000000000 set
cpu-bind=MASK - genoa004, task  8  8 [2626977]: mask 0x10000 set
cpu-bind=MASK - genoa004, task  9  9 [2626978]: mask 0x10000000000000 set
cpu-bind=MASK - genoa004, task 10 10 [2626979]: mask 0x20000 set
cpu-bind=MASK - genoa004, task 11 11 [2626980]: mask 0x20000000000000 set
cpu-bind=MASK - genoa004, task 12 12 [2626981]: mask 0x40000 set
cpu-bind=MASK - genoa004, task 13 13 [2626982]: mask 0x40000000000000 set
cpu-bind=MASK - genoa004, task 14 14 [2626983]: mask 0x80000 set
cpu-bind=MASK - genoa004, task 15 15 [2626984]: mask 0x80000000000000 set
cpu-bind=MASK - genoa004, task 16 16 [2626985]: mask 0x100000 set
cpu-bind=MASK - genoa004, task 17 17 [2626986]: mask 0x100000000000000 set
cpu-bind=MASK - genoa004, task 18 18 [2626987]: mask 0x200000 set
cpu-bind=MASK - genoa004, task 19 19 [2626988]: mask 0x200000000000000 set
cpu-bind=MASK - genoa004, task 20 20 [2626989]: mask 0x400000 set
cpu-bind=MASK - genoa004, task 21 21 [2626990]: mask 0x400000000000000 set
cpu-bind=MASK - genoa004, task 22 22 [2626991]: mask 0x800000 set
cpu-bind=MASK - genoa004, task 23 23 [2626992]: mask 0x800000000000000 set
cpu-bind=MASK - genoa004, task 24 24 [2626993]: mask 0x1000000 set
cpu-bind=MASK - genoa004, task 25 25 [2626994]: mask 0x1000000000000000 set
cpu-bind=MASK - genoa004, task 26 26 [2626995]: mask 0x2000000 set
cpu-bind=MASK - genoa004, task 27 27 [2626996]: mask 0x2000000000000000 set
cpu-bind=MASK - genoa004, task 28 28 [2626997]: mask 0x4000000 set
cpu-bind=MASK - genoa004, task 29 29 [2626998]: mask 0x4000000000000000 set
cpu-bind=MASK - genoa004, task 30 30 [2626999]: mask 0x8000000 set
cpu-bind=MASK - genoa004, task 31 31 [2627000]: mask 0x8000000000000000 set
# final: N=100000 steps=20 ranks=32 threads_per_rank=1 integrator=kdk comm=sendrecv kernel=direct rsqrt=exact arithmetic_dtype=double accumulators=4 max_relative_energy_drift=3.2429078495986598e-07 tolerance=0.0001 status=OK
# timing_max_seconds total=28.062812 io=0.254151 drift=0.000099 force=25.646352 comm_wait=0.507427 kick=0.000275 energy=2.162327
# kernel_rate pair_interactions_per_second=8.188217e+09 gpair_interactions_per_second=8.188217
