cpu-bind=MASK - genoa004, task  0  0 [2627650]: mask 0x1000 set
cpu-bind=MASK - genoa004, task  1  1 [2627651]: mask 0x1000000000000 set
cpu-bind=MASK - genoa004, task  2  2 [2627652]: mask 0x2000 set
cpu-bind=MASK - genoa004, task  3  3 [2627653]: mask 0x2000000000000 set
cpu-bind=MASK - genoa004, task  4  4 [2627654]: mask 0x4000 set
cpu-bind=MASK - genoa004, task  5  5 [2627655]: mask 0x4000000000000 set
cpu-bind=MASK - genoa004, task  6  6 [2627656]: mask 0x8000 set
cpu-bind=MASK - genoa004, task  7  7 [2627657]: mask 0x8000000000000 set
cpu-bind=MASK - genoa004, task  8  8 [2627658]: mask 0x10000 set
cpu-bind=MASK - genoa004, task  9  9 [2627659]: mask 0x10000000000000 set
cpu-bind=MASK - genoa004, task 10 10 [2627660]: mask 0x20000 set
cpu-bind=MASK - genoa004, task 11 11 [2627661]: mask 0x20000000000000 set
cpu-bind=MASK - genoa004, task 12 12 [2627662]: mask 0x40000 set
cpu-bind=MASK - genoa004, task 13 13 [2627663]: mask 0x40000000000000 set
cpu-bind=MASK - genoa004, task 14 14 [2627664]: mask 0x80000 set
cpu-bind=MASK - genoa004, task 15 15 [2627665]: mask 0x80000000000000 set
cpu-bind=MASK - genoa004, task 16 16 [2627666]: mask 0x100000 set
cpu-bind=MASK - genoa004, task 17 17 [2627667]: mask 0x100000000000000 set
cpu-bind=MASK - genoa004, task 18 18 [2627668]: mask 0x200000 set
cpu-bind=MASK - genoa004, task 19 19 [2627669]: mask 0x200000000000000 set
cpu-bind=MASK - genoa004, task 20 20 [2627670]: mask 0x400000 set
cpu-bind=MASK - genoa004, task 21 21 [2627671]: mask 0x400000000000000 set
cpu-bind=MASK - genoa004, task 22 22 [2627672]: mask 0x800000 set
cpu-bind=MASK - genoa004, task 23 23 [2627673]: mask 0x800000000000000 set
cpu-bind=MASK - genoa004, task 24 24 [2627674]: mask 0x1000000 set
cpu-bind=MASK - genoa004, task 25 25 [2627675]: mask 0x1000000000000000 set
cpu-bind=MASK - genoa004, task 26 26 [2627676]: mask 0x2000000 set
cpu-bind=MASK - genoa004, task 27 27 [2627677]: mask 0x2000000000000000 set
cpu-bind=MASK - genoa004, task 28 28 [2627678]: mask 0x4000000 set
cpu-bind=MASK - genoa004, task 29 29 [2627679]: mask 0x4000000000000000 set
cpu-bind=MASK - genoa004, task 30 30 [2627680]: mask 0x8000000 set
cpu-bind=MASK - genoa004, task 31 31 [2627681]: mask 0x8000000000000000 set
# final: N=100000 steps=20 ranks=32 threads_per_rank=1 integrator=kdk comm=sendrecv kernel=direct rsqrt=exact arithmetic_dtype=double accumulators=4 max_relative_energy_drift=3.4389968897113093e-07 tolerance=0.0001 status=OK
# timing_max_seconds total=28.032987 io=0.224623 drift=0.000105 force=25.641242 comm_wait=0.496391 kick=0.000289 energy=2.166897
# kernel_rate pair_interactions_per_second=8.189849e+09 gpair_interactions_per_second=8.189849
