cpu-bind=MASK - genoa004, task  0  0 [2627873]: mask 0x1000 set
cpu-bind=MASK - genoa004, task  1  1 [2627874]: mask 0x1000000000000 set
cpu-bind=MASK - genoa004, task  2  2 [2627875]: mask 0x2000 set
cpu-bind=MASK - genoa004, task  3  3 [2627876]: mask 0x2000000000000 set
cpu-bind=MASK - genoa004, task  4  4 [2627877]: mask 0x4000 set
cpu-bind=MASK - genoa004, task  5  5 [2627878]: mask 0x4000000000000 set
cpu-bind=MASK - genoa004, task  6  6 [2627879]: mask 0x8000 set
cpu-bind=MASK - genoa004, task  7  7 [2627880]: mask 0x8000000000000 set
cpu-bind=MASK - genoa004, task  8  8 [2627881]: mask 0x10000 set
cpu-bind=MASK - genoa004, task  9  9 [2627882]: mask 0x10000000000000 set
cpu-bind=MASK - genoa004, task 10 10 [2627883]: mask 0x20000 set
cpu-bind=MASK - genoa004, task 11 11 [2627884]: mask 0x20000000000000 set
cpu-bind=MASK - genoa004, task 12 12 [2627885]: mask 0x40000 set
cpu-bind=MASK - genoa004, task 13 13 [2627886]: mask 0x40000000000000 set
cpu-bind=MASK - genoa004, task 14 14 [2627887]: mask 0x80000 set
cpu-bind=MASK - genoa004, task 15 15 [2627888]: mask 0x80000000000000 set
cpu-bind=MASK - genoa004, task 16 16 [2627889]: mask 0x100000 set
cpu-bind=MASK - genoa004, task 17 17 [2627890]: mask 0x100000000000000 set
cpu-bind=MASK - genoa004, task 18 18 [2627891]: mask 0x200000 set
cpu-bind=MASK - genoa004, task 19 19 [2627892]: mask 0x200000000000000 set
cpu-bind=MASK - genoa004, task 20 20 [2627893]: mask 0x400000 set
cpu-bind=MASK - genoa004, task 21 21 [2627894]: mask 0x400000000000000 set
cpu-bind=MASK - genoa004, task 22 22 [2627895]: mask 0x800000 set
cpu-bind=MASK - genoa004, task 23 23 [2627896]: mask 0x800000000000000 set
cpu-bind=MASK - genoa004, task 24 24 [2627897]: mask 0x1000000 set
cpu-bind=MASK - genoa004, task 25 25 [2627898]: mask 0x1000000000000000 set
cpu-bind=MASK - genoa004, task 26 26 [2627899]: mask 0x2000000 set
cpu-bind=MASK - genoa004, task 27 27 [2627900]: mask 0x2000000000000000 set
cpu-bind=MASK - genoa004, task 28 28 [2627901]: mask 0x4000000 set
cpu-bind=MASK - genoa004, task 29 29 [2627902]: mask 0x4000000000000000 set
cpu-bind=MASK - genoa004, task 30 30 [2627903]: mask 0x8000000 set
cpu-bind=MASK - genoa004, task 31 31 [2627904]: mask 0x8000000000000000 set
# final: N=100000 steps=20 ranks=32 threads_per_rank=1 integrator=kdk comm=sendrecv kernel=direct rsqrt=exact arithmetic_dtype=double accumulators=4 max_relative_energy_drift=3.4105920373308354e-07 tolerance=0.0001 status=OK
# timing_max_seconds total=28.913232 io=0.630555 drift=0.000098 force=26.133237 comm_wait=0.991253 kick=0.000290 energy=2.159312
# kernel_rate pair_interactions_per_second=8.035664e+09 gpair_interactions_per_second=8.035664
