cpu-bind=MASK - genoa004, task  0  0 [2626734]: mask 0x1000 set
cpu-bind=MASK - genoa004, task  1  1 [2626735]: mask 0x1000000000000 set
cpu-bind=MASK - genoa004, task  2  2 [2626736]: mask 0x2000 set
cpu-bind=MASK - genoa004, task  3  3 [2626737]: mask 0x2000000000000 set
cpu-bind=MASK - genoa004, task  4  4 [2626738]: mask 0x4000 set
cpu-bind=MASK - genoa004, task  5  5 [2626739]: mask 0x4000000000000 set
cpu-bind=MASK - genoa004, task  6  6 [2626740]: mask 0x8000 set
cpu-bind=MASK - genoa004, task  7  7 [2626741]: mask 0x8000000000000 set
cpu-bind=MASK - genoa004, task  8  8 [2626742]: mask 0x10000 set
cpu-bind=MASK - genoa004, task  9  9 [2626743]: mask 0x10000000000000 set
cpu-bind=MASK - genoa004, task 10 10 [2626744]: mask 0x20000 set
cpu-bind=MASK - genoa004, task 11 11 [2626745]: mask 0x20000000000000 set
cpu-bind=MASK - genoa004, task 12 12 [2626746]: mask 0x40000 set
cpu-bind=MASK - genoa004, task 13 13 [2626747]: mask 0x40000000000000 set
cpu-bind=MASK - genoa004, task 14 14 [2626748]: mask 0x80000 set
cpu-bind=MASK - genoa004, task 15 15 [2626749]: mask 0x80000000000000 set
cpu-bind=MASK - genoa004, task 16 16 [2626750]: mask 0x100000 set
cpu-bind=MASK - genoa004, task 17 17 [2626751]: mask 0x100000000000000 set
cpu-bind=MASK - genoa004, task 18 18 [2626752]: mask 0x200000 set
cpu-bind=MASK - genoa004, task 19 19 [2626753]: mask 0x200000000000000 set
cpu-bind=MASK - genoa004, task 20 20 [2626754]: mask 0x400000 set
cpu-bind=MASK - genoa004, task 21 21 [2626755]: mask 0x400000000000000 set
cpu-bind=MASK - genoa004, task 22 22 [2626756]: mask 0x800000 set
cpu-bind=MASK - genoa004, task 23 23 [2626757]: mask 0x800000000000000 set
cpu-bind=MASK - genoa004, task 24 24 [2626758]: mask 0x1000000 set
cpu-bind=MASK - genoa004, task 25 25 [2626759]: mask 0x1000000000000000 set
cpu-bind=MASK - genoa004, task 26 26 [2626760]: mask 0x2000000 set
cpu-bind=MASK - genoa004, task 27 27 [2626761]: mask 0x2000000000000000 set
cpu-bind=MASK - genoa004, task 28 28 [2626762]: mask 0x4000000 set
cpu-bind=MASK - genoa004, task 29 29 [2626763]: mask 0x4000000000000000 set
cpu-bind=MASK - genoa004, task 30 30 [2626764]: mask 0x8000000 set
cpu-bind=MASK - genoa004, task 31 31 [2626765]: mask 0x8000000000000000 set
# final: N=100000 steps=20 ranks=32 threads_per_rank=1 integrator=kdk comm=sendrecv kernel=direct rsqrt=exact arithmetic_dtype=double accumulators=4 max_relative_energy_drift=3.2429078495986598e-07 tolerance=0.0001 status=OK
# timing_max_seconds total=28.836334 io=1.034223 drift=0.000104 force=25.649479 comm_wait=0.504327 kick=0.000271 energy=2.155929
# kernel_rate pair_interactions_per_second=8.187219e+09 gpair_interactions_per_second=8.187219
