srun: Job step's --cpus-per-task value exceeds that of job (8 > 1). Job step may never run.
cpu-bind=MASK - genoa002, task  0  0 [2855523]: mask 0xff set
cpu-bind=MASK - genoa002, task  1  1 [2855524]: mask 0xff00000000 set
cpu-bind=MASK - genoa002, task  2  2 [2855525]: mask 0xff00 set
cpu-bind=MASK - genoa002, task  3  3 [2855526]: mask 0xff0000000000 set
cpu-bind=MASK - genoa002, task  4  4 [2855527]: mask 0xff0000 set
cpu-bind=MASK - genoa002, task  5  5 [2855528]: mask 0xff000000000000 set
cpu-bind=MASK - genoa002, task  6  6 [2855529]: mask 0xff000000 set
cpu-bind=MASK - genoa002, task  7  7 [2855530]: mask 0xff00000000000000 set
{"check": "PASS", "mapping": "numa", "host": "genoa002.hpc.rd.areasciencepark.it", "rank": "3", "cpus": [40, 41, 42, 43, 44, 45, 46, 47], "cores": [[1, 40], [1, 41], [1, 42], [1, 43], [1, 44], [1, 45], [1, 46], [1, 47]], "sockets": [1], "numa": [5], "cpus_per_task": 8}
{"check": "PASS", "mapping": "numa", "host": "genoa002.hpc.rd.areasciencepark.it", "rank": "6", "cpus": [24, 25, 26, 27, 28, 29, 30, 31], "cores": [[0, 24], [0, 25], [0, 26], [0, 27], [0, 28], [0, 29], [0, 30], [0, 31]], "sockets": [0], "numa": [3], "cpus_per_task": 8}
{"check": "PASS", "mapping": "numa", "host": "genoa002.hpc.rd.areasciencepark.it", "rank": "5", "cpus": [48, 49, 50, 51, 52, 53, 54, 55], "cores": [[1, 48], [1, 49], [1, 50], [1, 51], [1, 52], [1, 53], [1, 54], [1, 55]], "sockets": [1], "numa": [6], "cpus_per_task": 8}
{"check": "PASS", "mapping": "numa", "host": "genoa002.hpc.rd.areasciencepark.it", "rank": "1", "cpus": [32, 33, 34, 35, 36, 37, 38, 39], "cores": [[1, 32], [1, 33], [1, 34], [1, 35], [1, 36], [1, 37], [1, 38], [1, 39]], "sockets": [1], "numa": [4], "cpus_per_task": 8}
{"check": "PASS", "mapping": "numa", "host": "genoa002.hpc.rd.areasciencepark.it", "rank": "2", "cpus": [8, 9, 10, 11, 12, 13, 14, 15], "cores": [[0, 8], [0, 9], [0, 10], [0, 11], [0, 12], [0, 13], [0, 14], [0, 15]], "sockets": [0], "numa": [1], "cpus_per_task": 8}
{"check": "PASS", "mapping": "numa", "host": "genoa002.hpc.rd.areasciencepark.it", "rank": "0", "cpus": [0, 1, 2, 3, 4, 5, 6, 7], "cores": [[0, 0], [0, 1], [0, 2], [0, 3], [0, 4], [0, 5], [0, 6], [0, 7]], "sockets": [0], "numa": [0], "cpus_per_task": 8}
{"check": "PASS", "mapping": "numa", "host": "genoa002.hpc.rd.areasciencepark.it", "rank": "7", "cpus": [56, 57, 58, 59, 60, 61, 62, 63], "cores": [[1, 56], [1, 57], [1, 58], [1, 59], [1, 60], [1, 61], [1, 62], [1, 63]], "sockets": [1], "numa": [7], "cpus_per_task": 8}
{"check": "PASS", "mapping": "numa", "host": "genoa002.hpc.rd.areasciencepark.it", "rank": "4", "cpus": [16, 17, 18, 19, 20, 21, 22, 23], "cores": [[0, 16], [0, 17], [0, 18], [0, 19], [0, 20], [0, 21], [0, 22], [0, 23]], "sockets": [0], "numa": [2], "cpus_per_task": 8}
# final: N=100000 steps=20 ranks=8 threads_per_rank=8 integrator=kdk comm=overlap kernel=direct rsqrt=exact arithmetic_dtype=double accumulators=4 max_relative_energy_drift=4.9355452992872889e-07 tolerance=0.0001 status=OK
# timing_max_seconds total=14.275566 io=0.016352 drift=0.000268 force=12.911592 comm_wait=0.129364 kick=0.000485 energy=1.348195
# kernel_rate pair_interactions_per_second=1.626429e+10 gpair_interactions_per_second=16.264292
