cpu-bind=MASK - genoa002, task  0  0 [2862426]: mask 0x1 set
cpu-bind=MASK - genoa002, task  1  1 [2862427]: mask 0x100000000 set
cpu-bind=MASK - genoa002, task  2  2 [2862428]: mask 0x2 set
cpu-bind=MASK - genoa002, task  3  3 [2862429]: mask 0x200000000 set
cpu-bind=MASK - genoa002, task  4  4 [2862430]: mask 0x4 set
cpu-bind=MASK - genoa002, task  5  5 [2862431]: mask 0x400000000 set
cpu-bind=MASK - genoa002, task  6  6 [2862432]: mask 0x8 set
cpu-bind=MASK - genoa002, task  7  7 [2862433]: mask 0x800000000 set
cpu-bind=MASK - genoa002, task  8  8 [2862434]: mask 0x10 set
cpu-bind=MASK - genoa002, task  9  9 [2862435]: mask 0x1000000000 set
cpu-bind=MASK - genoa002, task 10 10 [2862436]: mask 0x20 set
cpu-bind=MASK - genoa002, task 11 11 [2862437]: mask 0x2000000000 set
cpu-bind=MASK - genoa002, task 12 12 [2862438]: mask 0x40 set
cpu-bind=MASK - genoa002, task 13 13 [2862439]: mask 0x4000000000 set
cpu-bind=MASK - genoa002, task 14 14 [2862440]: mask 0x80 set
cpu-bind=MASK - genoa002, task 15 15 [2862441]: mask 0x8000000000 set
cpu-bind=MASK - genoa002, task 16 16 [2862442]: mask 0x100 set
cpu-bind=MASK - genoa002, task 17 17 [2862443]: mask 0x10000000000 set
cpu-bind=MASK - genoa002, task 18 18 [2862444]: mask 0x200 set
cpu-bind=MASK - genoa002, task 19 19 [2862445]: mask 0x20000000000 set
cpu-bind=MASK - genoa002, task 20 20 [2862446]: mask 0x400 set
cpu-bind=MASK - genoa002, task 21 21 [2862447]: mask 0x40000000000 set
cpu-bind=MASK - genoa002, task 22 22 [2862448]: mask 0x800 set
cpu-bind=MASK - genoa002, task 23 23 [2862449]: mask 0x80000000000 set
cpu-bind=MASK - genoa002, task 24 24 [2862450]: mask 0x1000 set
cpu-bind=MASK - genoa002, task 25 25 [2862451]: mask 0x100000000000 set
cpu-bind=MASK - genoa002, task 26 26 [2862452]: mask 0x2000 set
cpu-bind=MASK - genoa002, task 27 27 [2862453]: mask 0x200000000000 set
cpu-bind=MASK - genoa002, task 28 28 [2862454]: mask 0x4000 set
cpu-bind=MASK - genoa002, task 29 29 [2862455]: mask 0x400000000000 set
cpu-bind=MASK - genoa002, task 30 30 [2862456]: mask 0x8000 set
cpu-bind=MASK - genoa002, task 31 31 [2862457]: mask 0x800000000000 set
cpu-bind=MASK - genoa002, task 32 32 [2862458]: mask 0x10000 set
cpu-bind=MASK - genoa002, task 33 33 [2862459]: mask 0x1000000000000 set
cpu-bind=MASK - genoa002, task 34 34 [2862460]: mask 0x20000 set
cpu-bind=MASK - genoa002, task 35 35 [2862461]: mask 0x2000000000000 set
cpu-bind=MASK - genoa002, task 36 36 [2862462]: mask 0x40000 set
cpu-bind=MASK - genoa002, task 37 37 [2862463]: mask 0x4000000000000 set
cpu-bind=MASK - genoa002, task 38 38 [2862464]: mask 0x80000 set
cpu-bind=MASK - genoa002, task 39 39 [2862465]: mask 0x8000000000000 set
cpu-bind=MASK - genoa002, task 40 40 [2862466]: mask 0x100000 set
cpu-bind=MASK - genoa002, task 41 41 [2862467]: mask 0x10000000000000 set
cpu-bind=MASK - genoa002, task 42 42 [2862468]: mask 0x200000 set
cpu-bind=MASK - genoa002, task 43 43 [2862469]: mask 0x20000000000000 set
cpu-bind=MASK - genoa002, task 44 44 [2862470]: mask 0x400000 set
cpu-bind=MASK - genoa002, task 45 45 [2862471]: mask 0x40000000000000 set
cpu-bind=MASK - genoa002, task 46 46 [2862472]: mask 0x800000 set
cpu-bind=MASK - genoa002, task 47 47 [2862473]: mask 0x80000000000000 set
cpu-bind=MASK - genoa002, task 48 48 [2862474]: mask 0x1000000 set
cpu-bind=MASK - genoa002, task 49 49 [2862475]: mask 0x100000000000000 set
cpu-bind=MASK - genoa002, task 50 50 [2862476]: mask 0x2000000 set
cpu-bind=MASK - genoa002, task 51 51 [2862477]: mask 0x200000000000000 set
cpu-bind=MASK - genoa002, task 52 52 [2862478]: mask 0x4000000 set
cpu-bind=MASK - genoa002, task 53 53 [2862479]: mask 0x400000000000000 set
cpu-bind=MASK - genoa002, task 54 54 [2862480]: mask 0x8000000 set
cpu-bind=MASK - genoa002, task 55 55 [2862481]: mask 0x800000000000000 set
cpu-bind=MASK - genoa002, task 56 56 [2862482]: mask 0x10000000 set
cpu-bind=MASK - genoa002, task 57 57 [2862483]: mask 0x1000000000000000 set
cpu-bind=MASK - genoa002, task 58 58 [2862484]: mask 0x20000000 set
cpu-bind=MASK - genoa002, task 59 59 [2862485]: mask 0x2000000000000000 set
cpu-bind=MASK - genoa002, task 60 60 [2862486]: mask 0x40000000 set
cpu-bind=MASK - genoa002, task 61 61 [2862487]: mask 0x4000000000000000 set
cpu-bind=MASK - genoa002, task 62 62 [2862488]: mask 0x80000000 set
cpu-bind=MASK - genoa002, task 63 63 [2862489]: mask 0x8000000000000000 set
{"check": "PASS", "mapping": "core", "host": "genoa002.hpc.rd.areasciencepark.it", "rank": "7", "cpus": [35], "cores": [[1, 35]], "sockets": [1], "numa": [4], "cpus_per_task": 1}
{"check": "PASS", "mapping": "core", "host": "genoa002.hpc.rd.areasciencepark.it", "rank": "31", "cpus": [47], "cores": [[1, 47]], "sockets": [1], "numa": [5], "cpus_per_task": 1}
{"check": "PASS", "mapping": "core", "host": "genoa002.hpc.rd.areasciencepark.it", "rank": "49", "cpus": [56], "cores": [[1, 56]], "sockets": [1], "numa": [7], "cpus_per_task": 1}
{"check": "PASS", "mapping": "core", "host": "genoa002.hpc.rd.areasciencepark.it", "rank": "0", "cpus": [0], "cores": [[0, 0]], "sockets": [0], "numa": [0], "cpus_per_task": 1}
{"check": "PASS", "mapping": "core", "host": "genoa002.hpc.rd.areasciencepark.it", "rank": "57", "cpus": [60], "cores": [[1, 60]], "sockets": [1], "numa": [7], "cpus_per_task": 1}
{"check": "PASS", "mapping": "core", "host": "genoa002.hpc.rd.areasciencepark.it", "rank": "63", "cpus": [63], "cores": [[1, 63]], "sockets": [1], "numa": [7], "cpus_per_task": 1}
{"check": "PASS", "mapping": "core", "host": "genoa002.hpc.rd.areasciencepark.it", "rank": "47", "cpus": [55], "cores": [[1, 55]], "sockets": [1], "numa": [6], "cpus_per_task": 1}
{"check": "PASS", "mapping": "core", "host": "genoa002.hpc.rd.areasciencepark.it", "rank": "1", "cpus": [32], "cores": [[1, 32]], "sockets": [1], "numa": [4], "cpus_per_task": 1}
{"check": "PASS", "mapping": "core", "host": "genoa002.hpc.rd.areasciencepark.it", "rank": "25", "cpus": [44], "cores": [[1, 44]], "sockets": [1], "numa": [5], "cpus_per_task": 1}
{"check": "PASS", "mapping": "core", "host": "genoa002.hpc.rd.areasciencepark.it", "rank": "3", "cpus": [33], "cores": [[1, 33]], "sockets": [1], "numa": [4], "cpus_per_task": 1}
{"check": "PASS", "mapping": "core", "host": "genoa002.hpc.rd.areasciencepark.it", "rank": "5", "cpus": [34], "cores": [[1, 34]], "sockets": [1], "numa": [4], "cpus_per_task": 1}
{"check": "PASS", "mapping": "core", "host": "genoa002.hpc.rd.areasciencepark.it", "rank": "23", "cpus": [43], "cores": [[1, 43]], "sockets": [1], "numa": [5], "cpus_per_task": 1}
{"check": "PASS", "mapping": "core", "host": "genoa002.hpc.rd.areasciencepark.it", "rank": "59", "cpus": [61], "cores": [[1, 61]], "sockets": [1], "numa": [7], "cpus_per_task": 1}
{"check": "PASS", "mapping": "core", "host": "genoa002.hpc.rd.areasciencepark.it", "rank": "51", "cpus": [57], "cores": [[1, 57]], "sockets": [1], "numa": [7], "cpus_per_task": 1}
{"check": "PASS", "mapping": "core", "host": "genoa002.hpc.rd.areasciencepark.it", "rank": "45", "cpus": [54], "cores": [[1, 54]], "sockets": [1], "numa": [6], "cpus_per_task": 1}
{"check": "PASS", "mapping": "core", "host": "genoa002.hpc.rd.areasciencepark.it", "rank": "27", "cpus": [45], "cores": [[1, 45]], "sockets": [1], "numa": [5], "cpus_per_task": 1}
{"check": "PASS", "mapping": "core", "host": "genoa002.hpc.rd.areasciencepark.it", "rank": "29", "cpus": [46], "cores": [[1, 46]], "sockets": [1], "numa": [5], "cpus_per_task": 1}
{"check": "PASS", "mapping": "core", "host": "genoa002.hpc.rd.areasciencepark.it", "rank": "6", "cpus": [3], "cores": [[0, 3]], "sockets": [0], "numa": [0], "cpus_per_task": 1}
{"check": "PASS", "mapping": "core", "host": "genoa002.hpc.rd.areasciencepark.it", "rank": "50", "cpus": [25], "cores": [[0, 25]], "sockets": [0], "numa": [3], "cpus_per_task": 1}
{"check": "PASS", "mapping": "core", "host": "genoa002.hpc.rd.areasciencepark.it", "rank": "41", "cpus": [52], "cores": [[1, 52]], "sockets": [1], "numa": [6], "cpus_per_task": 1}
{"check": "PASS", "mapping": "core", "host": "genoa002.hpc.rd.areasciencepark.it", "rank": "43", "cpus": [53], "cores": [[1, 53]], "sockets": [1], "numa": [6], "cpus_per_task": 1}
{"check": "PASS", "mapping": "core", "host": "genoa002.hpc.rd.areasciencepark.it", "rank": "55", "cpus": [59], "cores": [[1, 59]], "sockets": [1], "numa": [7], "cpus_per_task": 1}
{"check": "PASS", "mapping": "core", "host": "genoa002.hpc.rd.areasciencepark.it", "rank": "17", "cpus": [40], "cores": [[1, 40]], "sockets": [1], "numa": [5], "cpus_per_task": 1}
{"check": "PASS", "mapping": "core", "host": "genoa002.hpc.rd.areasciencepark.it", "rank": "19", "cpus": [41], "cores": [[1, 41]], "sockets": [1], "numa": [5], "cpus_per_task": 1}
{"check": "PASS", "mapping": "core", "host": "genoa002.hpc.rd.areasciencepark.it", "rank": "61", "cpus": [62], "cores": [[1, 62]], "sockets": [1], "numa": [7], "cpus_per_task": 1}
{"check": "PASS", "mapping": "core", "host": "genoa002.hpc.rd.areasciencepark.it", "rank": "53", "cpus": [58], "cores": [[1, 58]], "sockets": [1], "numa": [7], "cpus_per_task": 1}
{"check": "PASS", "mapping": "core", "host": "genoa002.hpc.rd.areasciencepark.it", "rank": "21", "cpus": [42], "cores": [[1, 42]], "sockets": [1], "numa": [5], "cpus_per_task": 1}
{"check": "PASS", "mapping": "core", "host": "genoa002.hpc.rd.areasciencepark.it", "rank": "2", "cpus": [1], "cores": [[0, 1]], "sockets": [0], "numa": [0], "cpus_per_task": 1}
{"check": "PASS", "mapping": "core", "host": "genoa002.hpc.rd.areasciencepark.it", "rank": "52", "cpus": [26], "cores": [[0, 26]], "sockets": [0], "numa": [3], "cpus_per_task": 1}
{"check": "PASS", "mapping": "core", "host": "genoa002.hpc.rd.areasciencepark.it", "rank": "24", "cpus": [12], "cores": [[0, 12]], "sockets": [0], "numa": [1], "cpus_per_task": 1}
{"check": "PASS", "mapping": "core", "host": "genoa002.hpc.rd.areasciencepark.it", "rank": "48", "cpus": [24], "cores": [[0, 24]], "sockets": [0], "numa": [3], "cpus_per_task": 1}
{"check": "PASS", "mapping": "core", "host": "genoa002.hpc.rd.areasciencepark.it", "rank": "54", "cpus": [27], "cores": [[0, 27]], "sockets": [0], "numa": [3], "cpus_per_task": 1}
{"check": "PASS", "mapping": "core", "host": "genoa002.hpc.rd.areasciencepark.it", "rank": "20", "cpus": [10], "cores": [[0, 10]], "sockets": [0], "numa": [1], "cpus_per_task": 1}
{"check": "PASS", "mapping": "core", "host": "genoa002.hpc.rd.areasciencepark.it", "rank": "22", "cpus": [11], "cores": [[0, 11]], "sockets": [0], "numa": [1], "cpus_per_task": 1}
{"check": "PASS", "mapping": "core", "host": "genoa002.hpc.rd.areasciencepark.it", "rank": "56", "cpus": [28], "cores": [[0, 28]], "sockets": [0], "numa": [3], "cpus_per_task": 1}
{"check": "PASS", "mapping": "core", "host": "genoa002.hpc.rd.areasciencepark.it", "rank": "11", "cpus": [37], "cores": [[1, 37]], "sockets": [1], "numa": [4], "cpus_per_task": 1}
{"check": "PASS", "mapping": "core", "host": "genoa002.hpc.rd.areasciencepark.it", "rank": "15", "cpus": [39], "cores": [[1, 39]], "sockets": [1], "numa": [4], "cpus_per_task": 1}
{"check": "PASS", "mapping": "core", "host": "genoa002.hpc.rd.areasciencepark.it", "rank": "13", "cpus": [38], "cores": [[1, 38]], "sockets": [1], "numa": [4], "cpus_per_task": 1}
{"check": "PASS", "mapping": "core", "host": "genoa002.hpc.rd.areasciencepark.it", "rank": "9", "cpus": [36], "cores": [[1, 36]], "sockets": [1], "numa": [4], "cpus_per_task": 1}
{"check": "PASS", "mapping": "core", "host": "genoa002.hpc.rd.areasciencepark.it", "rank": "26", "cpus": [13], "cores": [[0, 13]], "sockets": [0], "numa": [1], "cpus_per_task": 1}
{"check": "PASS", "mapping": "core", "host": "genoa002.hpc.rd.areasciencepark.it", "rank": "28", "cpus": [14], "cores": [[0, 14]], "sockets": [0], "numa": [1], "cpus_per_task": 1}
{"check": "PASS", "mapping": "core", "host": "genoa002.hpc.rd.areasciencepark.it", "rank": "33", "cpus": [48], "cores": [[1, 48]], "sockets": [1], "numa": [6], "cpus_per_task": 1}
{"check": "PASS", "mapping": "core", "host": "genoa002.hpc.rd.areasciencepark.it", "rank": "35", "cpus": [49], "cores": [[1, 49]], "sockets": [1], "numa": [6], "cpus_per_task": 1}
{"check": "PASS", "mapping": "core", "host": "genoa002.hpc.rd.areasciencepark.it", "rank": "39", "cpus": [51], "cores": [[1, 51]], "sockets": [1], "numa": [6], "cpus_per_task": 1}
{"check": "PASS", "mapping": "core", "host": "genoa002.hpc.rd.areasciencepark.it", "rank": "16", "cpus": [8], "cores": [[0, 8]], "sockets": [0], "numa": [1], "cpus_per_task": 1}
{"check": "PASS", "mapping": "core", "host": "genoa002.hpc.rd.areasciencepark.it", "rank": "58", "cpus": [29], "cores": [[0, 29]], "sockets": [0], "numa": [3], "cpus_per_task": 1}
{"check": "PASS", "mapping": "core", "host": "genoa002.hpc.rd.areasciencepark.it", "rank": "60", "cpus": [30], "cores": [[0, 30]], "sockets": [0], "numa": [3], "cpus_per_task": 1}
{"check": "PASS", "mapping": "core", "host": "genoa002.hpc.rd.areasciencepark.it", "rank": "62", "cpus": [31], "cores": [[0, 31]], "sockets": [0], "numa": [3], "cpus_per_task": 1}
{"check": "PASS", "mapping": "core", "host": "genoa002.hpc.rd.areasciencepark.it", "rank": "37", "cpus": [50], "cores": [[1, 50]], "sockets": [1], "numa": [6], "cpus_per_task": 1}
{"check": "PASS", "mapping": "core", "host": "genoa002.hpc.rd.areasciencepark.it", "rank": "40", "cpus": [20], "cores": [[0, 20]], "sockets": [0], "numa": [2], "cpus_per_task": 1}
{"check": "PASS", "mapping": "core", "host": "genoa002.hpc.rd.areasciencepark.it", "rank": "44", "cpus": [22], "cores": [[0, 22]], "sockets": [0], "numa": [2], "cpus_per_task": 1}
{"check": "PASS", "mapping": "core", "host": "genoa002.hpc.rd.areasciencepark.it", "rank": "46", "cpus": [23], "cores": [[0, 23]], "sockets": [0], "numa": [2], "cpus_per_task": 1}
{"check": "PASS", "mapping": "core", "host": "genoa002.hpc.rd.areasciencepark.it", "rank": "4", "cpus": [2], "cores": [[0, 2]], "sockets": [0], "numa": [0], "cpus_per_task": 1}
{"check": "PASS", "mapping": "core", "host": "genoa002.hpc.rd.areasciencepark.it", "rank": "18", "cpus": [9], "cores": [[0, 9]], "sockets": [0], "numa": [1], "cpus_per_task": 1}
{"check": "PASS", "mapping": "core", "host": "genoa002.hpc.rd.areasciencepark.it", "rank": "30", "cpus": [15], "cores": [[0, 15]], "sockets": [0], "numa": [1], "cpus_per_task": 1}
{"check": "PASS", "mapping": "core", "host": "genoa002.hpc.rd.areasciencepark.it", "rank": "42", "cpus": [21], "cores": [[0, 21]], "sockets": [0], "numa": [2], "cpus_per_task": 1}
{"check": "PASS", "mapping": "core", "host": "genoa002.hpc.rd.areasciencepark.it", "rank": "32", "cpus": [16], "cores": [[0, 16]], "sockets": [0], "numa": [2], "cpus_per_task": 1}
{"check": "PASS", "mapping": "core", "host": "genoa002.hpc.rd.areasciencepark.it", "rank": "34", "cpus": [17], "cores": [[0, 17]], "sockets": [0], "numa": [2], "cpus_per_task": 1}
{"check": "PASS", "mapping": "core", "host": "genoa002.hpc.rd.areasciencepark.it", "rank": "36", "cpus": [18], "cores": [[0, 18]], "sockets": [0], "numa": [2], "cpus_per_task": 1}
{"check": "PASS", "mapping": "core", "host": "genoa002.hpc.rd.areasciencepark.it", "rank": "38", "cpus": [19], "cores": [[0, 19]], "sockets": [0], "numa": [2], "cpus_per_task": 1}
{"check": "PASS", "mapping": "core", "host": "genoa002.hpc.rd.areasciencepark.it", "rank": "8", "cpus": [4], "cores": [[0, 4]], "sockets": [0], "numa": [0], "cpus_per_task": 1}
{"check": "PASS", "mapping": "core", "host": "genoa002.hpc.rd.areasciencepark.it", "rank": "10", "cpus": [5], "cores": [[0, 5]], "sockets": [0], "numa": [0], "cpus_per_task": 1}
{"check": "PASS", "mapping": "core", "host": "genoa002.hpc.rd.areasciencepark.it", "rank": "12", "cpus": [6], "cores": [[0, 6]], "sockets": [0], "numa": [0], "cpus_per_task": 1}
{"check": "PASS", "mapping": "core", "host": "genoa002.hpc.rd.areasciencepark.it", "rank": "14", "cpus": [7], "cores": [[0, 7]], "sockets": [0], "numa": [0], "cpus_per_task": 1}
# final: N=640000 steps=20 ranks=64 threads_per_rank=1 integrator=kdk comm=overlap kernel=direct rsqrt=exact arithmetic_dtype=double accumulators=4 max_relative_energy_drift=8.6676050169370135e-06 tolerance=0.0001 status=OK
# timing_max_seconds total=568.668467 io=0.081274 drift=0.000494 force=524.727027 comm_wait=4.159930 kick=0.001078 energy=43.996054
# kernel_rate pair_interactions_per_second=1.639250e+10 gpair_interactions_per_second=16.392498
