cpu-bind=MASK - genoa004, task  0  0 [2628593]: mask 0x1000 set
cpu-bind=MASK - genoa004, task  1  1 [2628594]: mask 0x1000000000000 set
cpu-bind=MASK - genoa004, task  2  2 [2628595]: mask 0x2000 set
cpu-bind=MASK - genoa004, task  3  3 [2628596]: mask 0x2000000000000 set
cpu-bind=MASK - genoa004, task  4  4 [2628597]: mask 0x4000 set
cpu-bind=MASK - genoa004, task  5  5 [2628598]: mask 0x4000000000000 set
cpu-bind=MASK - genoa004, task  6  6 [2628599]: mask 0x8000 set
cpu-bind=MASK - genoa004, task  7  7 [2628600]: mask 0x8000000000000 set
cpu-bind=MASK - genoa004, task  8  8 [2628601]: mask 0x10000 set
cpu-bind=MASK - genoa004, task  9  9 [2628602]: mask 0x10000000000000 set
cpu-bind=MASK - genoa004, task 10 10 [2628603]: mask 0x20000 set
cpu-bind=MASK - genoa004, task 11 11 [2628604]: mask 0x20000000000000 set
cpu-bind=MASK - genoa004, task 12 12 [2628605]: mask 0x40000 set
cpu-bind=MASK - genoa004, task 13 13 [2628606]: mask 0x40000000000000 set
cpu-bind=MASK - genoa004, task 14 14 [2628607]: mask 0x80000 set
cpu-bind=MASK - genoa004, task 15 15 [2628608]: mask 0x80000000000000 set
cpu-bind=MASK - genoa004, task 16 16 [2628609]: mask 0x100000 set
cpu-bind=MASK - genoa004, task 17 17 [2628610]: mask 0x100000000000000 set
cpu-bind=MASK - genoa004, task 18 18 [2628611]: mask 0x200000 set
cpu-bind=MASK - genoa004, task 19 19 [2628612]: mask 0x200000000000000 set
cpu-bind=MASK - genoa004, task 20 20 [2628613]: mask 0x400000 set
cpu-bind=MASK - genoa004, task 21 21 [2628614]: mask 0x400000000000000 set
cpu-bind=MASK - genoa004, task 22 22 [2628615]: mask 0x800000 set
cpu-bind=MASK - genoa004, task 23 23 [2628616]: mask 0x800000000000000 set
cpu-bind=MASK - genoa004, task 24 24 [2628617]: mask 0x1000000 set
cpu-bind=MASK - genoa004, task 25 25 [2628618]: mask 0x1000000000000000 set
cpu-bind=MASK - genoa004, task 26 26 [2628619]: mask 0x2000000 set
cpu-bind=MASK - genoa004, task 27 27 [2628620]: mask 0x2000000000000000 set
cpu-bind=MASK - genoa004, task 28 28 [2628621]: mask 0x4000000 set
cpu-bind=MASK - genoa004, task 29 29 [2628622]: mask 0x4000000000000000 set
cpu-bind=MASK - genoa004, task 30 30 [2628623]: mask 0x8000000 set
cpu-bind=MASK - genoa004, task 31 31 [2628624]: mask 0x8000000000000000 set
# final: N=100000 steps=20 ranks=32 threads_per_rank=1 integrator=kdk comm=overlap kernel=direct rsqrt=exact arithmetic_dtype=double accumulators=4 max_relative_energy_drift=4.9355452992872889e-07 tolerance=0.0001 status=OK
# timing_max_seconds total=28.885869 io=1.042272 drift=0.000099 force=25.678341 comm_wait=0.496764 kick=0.000284 energy=2.167625
# kernel_rate pair_interactions_per_second=8.178017e+09 gpair_interactions_per_second=8.178017
