cpu-bind=MASK - genoa004, task  0  0 [2628154]: mask 0x1000 set
cpu-bind=MASK - genoa004, task  1  1 [2628155]: mask 0x1000000000000 set
cpu-bind=MASK - genoa004, task  2  2 [2628156]: mask 0x2000 set
cpu-bind=MASK - genoa004, task  3  3 [2628157]: mask 0x2000000000000 set
cpu-bind=MASK - genoa004, task  4  4 [2628158]: mask 0x4000 set
cpu-bind=MASK - genoa004, task  5  5 [2628159]: mask 0x4000000000000 set
cpu-bind=MASK - genoa004, task  6  6 [2628160]: mask 0x8000 set
cpu-bind=MASK - genoa004, task  7  7 [2628161]: mask 0x8000000000000 set
cpu-bind=MASK - genoa004, task  8  8 [2628162]: mask 0x10000 set
cpu-bind=MASK - genoa004, task  9  9 [2628163]: mask 0x10000000000000 set
cpu-bind=MASK - genoa004, task 10 10 [2628164]: mask 0x20000 set
cpu-bind=MASK - genoa004, task 11 11 [2628165]: mask 0x20000000000000 set
cpu-bind=MASK - genoa004, task 12 12 [2628166]: mask 0x40000 set
cpu-bind=MASK - genoa004, task 13 13 [2628167]: mask 0x40000000000000 set
cpu-bind=MASK - genoa004, task 14 14 [2628168]: mask 0x80000 set
cpu-bind=MASK - genoa004, task 15 15 [2628169]: mask 0x80000000000000 set
cpu-bind=MASK - genoa004, task 16 16 [2628170]: mask 0x100000 set
cpu-bind=MASK - genoa004, task 17 17 [2628171]: mask 0x100000000000000 set
cpu-bind=MASK - genoa004, task 18 18 [2628172]: mask 0x200000 set
cpu-bind=MASK - genoa004, task 19 19 [2628173]: mask 0x200000000000000 set
cpu-bind=MASK - genoa004, task 20 20 [2628174]: mask 0x400000 set
cpu-bind=MASK - genoa004, task 21 21 [2628175]: mask 0x400000000000000 set
cpu-bind=MASK - genoa004, task 22 22 [2628176]: mask 0x800000 set
cpu-bind=MASK - genoa004, task 23 23 [2628177]: mask 0x800000000000000 set
cpu-bind=MASK - genoa004, task 24 24 [2628178]: mask 0x1000000 set
cpu-bind=MASK - genoa004, task 25 25 [2628179]: mask 0x1000000000000000 set
cpu-bind=MASK - genoa004, task 26 26 [2628180]: mask 0x2000000 set
cpu-bind=MASK - genoa004, task 27 27 [2628181]: mask 0x2000000000000000 set
cpu-bind=MASK - genoa004, task 28 28 [2628182]: mask 0x4000000 set
cpu-bind=MASK - genoa004, task 29 29 [2628183]: mask 0x4000000000000000 set
cpu-bind=MASK - genoa004, task 30 30 [2628184]: mask 0x8000000 set
cpu-bind=MASK - genoa004, task 31 31 [2628185]: mask 0x8000000000000000 set
# final: N=100000 steps=20 ranks=32 threads_per_rank=1 integrator=kdk comm=overlap kernel=direct rsqrt=exact arithmetic_dtype=double accumulators=4 max_relative_energy_drift=3.2429078495986598e-07 tolerance=0.0001 status=OK
# timing_max_seconds total=28.021859 io=0.183497 drift=0.000099 force=25.680425 comm_wait=0.501002 kick=0.000270 energy=2.161955
# kernel_rate pair_interactions_per_second=8.177353e+09 gpair_interactions_per_second=8.177353
