cpu-bind=MASK - genoa004, task  0  0 [2628815]: mask 0x1000 set
cpu-bind=MASK - genoa004, task  1  1 [2628816]: mask 0x1000000000000 set
cpu-bind=MASK - genoa004, task  2  2 [2628817]: mask 0x2000 set
cpu-bind=MASK - genoa004, task  3  3 [2628818]: mask 0x2000000000000 set
cpu-bind=MASK - genoa004, task  4  4 [2628819]: mask 0x4000 set
cpu-bind=MASK - genoa004, task  5  5 [2628820]: mask 0x4000000000000 set
cpu-bind=MASK - genoa004, task  6  6 [2628821]: mask 0x8000 set
cpu-bind=MASK - genoa004, task  7  7 [2628822]: mask 0x8000000000000 set
cpu-bind=MASK - genoa004, task  8  8 [2628823]: mask 0x10000 set
cpu-bind=MASK - genoa004, task  9  9 [2628824]: mask 0x10000000000000 set
cpu-bind=MASK - genoa004, task 10 10 [2628825]: mask 0x20000 set
cpu-bind=MASK - genoa004, task 11 11 [2628826]: mask 0x20000000000000 set
cpu-bind=MASK - genoa004, task 12 12 [2628827]: mask 0x40000 set
cpu-bind=MASK - genoa004, task 13 13 [2628828]: mask 0x40000000000000 set
cpu-bind=MASK - genoa004, task 14 14 [2628829]: mask 0x80000 set
cpu-bind=MASK - genoa004, task 15 15 [2628830]: mask 0x80000000000000 set
cpu-bind=MASK - genoa004, task 16 16 [2628831]: mask 0x100000 set
cpu-bind=MASK - genoa004, task 17 17 [2628832]: mask 0x100000000000000 set
cpu-bind=MASK - genoa004, task 18 18 [2628833]: mask 0x200000 set
cpu-bind=MASK - genoa004, task 19 19 [2628834]: mask 0x200000000000000 set
cpu-bind=MASK - genoa004, task 20 20 [2628835]: mask 0x400000 set
cpu-bind=MASK - genoa004, task 21 21 [2628836]: mask 0x400000000000000 set
cpu-bind=MASK - genoa004, task 22 22 [2628837]: mask 0x800000 set
cpu-bind=MASK - genoa004, task 23 23 [2628838]: mask 0x800000000000000 set
cpu-bind=MASK - genoa004, task 24 24 [2628839]: mask 0x1000000 set
cpu-bind=MASK - genoa004, task 25 25 [2628840]: mask 0x1000000000000000 set
cpu-bind=MASK - genoa004, task 26 26 [2628841]: mask 0x2000000 set
cpu-bind=MASK - genoa004, task 27 27 [2628842]: mask 0x2000000000000000 set
cpu-bind=MASK - genoa004, task 28 28 [2628843]: mask 0x4000000 set
cpu-bind=MASK - genoa004, task 29 29 [2628844]: mask 0x4000000000000000 set
cpu-bind=MASK - genoa004, task 30 30 [2628845]: mask 0x8000000 set
cpu-bind=MASK - genoa004, task 31 31 [2628846]: mask 0x8000000000000000 set
# final: N=100000 steps=20 ranks=32 threads_per_rank=1 integrator=kdk comm=overlap kernel=direct rsqrt=exact arithmetic_dtype=double accumulators=4 max_relative_energy_drift=3.4569224916184542e-07 tolerance=0.0001 status=OK
# timing_max_seconds total=28.664179 io=0.827306 drift=0.000334 force=25.677648 comm_wait=0.504342 kick=0.000290 energy=2.165909
# kernel_rate pair_interactions_per_second=8.178237e+09 gpair_interactions_per_second=8.178237
