cpu-bind=MASK - genoa004, task  0  0 [2628375]: mask 0x1000 set
cpu-bind=MASK - genoa004, task  1  1 [2628376]: mask 0x1000000000000 set
cpu-bind=MASK - genoa004, task  2  2 [2628377]: mask 0x2000 set
cpu-bind=MASK - genoa004, task  3  3 [2628378]: mask 0x2000000000000 set
cpu-bind=MASK - genoa004, task  4  4 [2628379]: mask 0x4000 set
cpu-bind=MASK - genoa004, task  5  5 [2628380]: mask 0x4000000000000 set
cpu-bind=MASK - genoa004, task  6  6 [2628381]: mask 0x8000 set
cpu-bind=MASK - genoa004, task  7  7 [2628382]: mask 0x8000000000000 set
cpu-bind=MASK - genoa004, task  8  8 [2628383]: mask 0x10000 set
cpu-bind=MASK - genoa004, task  9  9 [2628384]: mask 0x10000000000000 set
cpu-bind=MASK - genoa004, task 10 10 [2628385]: mask 0x20000 set
cpu-bind=MASK - genoa004, task 11 11 [2628386]: mask 0x20000000000000 set
cpu-bind=MASK - genoa004, task 12 12 [2628387]: mask 0x40000 set
cpu-bind=MASK - genoa004, task 13 13 [2628388]: mask 0x40000000000000 set
cpu-bind=MASK - genoa004, task 14 14 [2628389]: mask 0x80000 set
cpu-bind=MASK - genoa004, task 15 15 [2628390]: mask 0x80000000000000 set
cpu-bind=MASK - genoa004, task 16 16 [2628391]: mask 0x100000 set
cpu-bind=MASK - genoa004, task 17 17 [2628392]: mask 0x100000000000000 set
cpu-bind=MASK - genoa004, task 18 18 [2628393]: mask 0x200000 set
cpu-bind=MASK - genoa004, task 19 19 [2628394]: mask 0x200000000000000 set
cpu-bind=MASK - genoa004, task 20 20 [2628395]: mask 0x400000 set
cpu-bind=MASK - genoa004, task 21 21 [2628396]: mask 0x400000000000000 set
cpu-bind=MASK - genoa004, task 22 22 [2628397]: mask 0x800000 set
cpu-bind=MASK - genoa004, task 23 23 [2628398]: mask 0x800000000000000 set
cpu-bind=MASK - genoa004, task 24 24 [2628399]: mask 0x1000000 set
cpu-bind=MASK - genoa004, task 25 25 [2628400]: mask 0x1000000000000000 set
cpu-bind=MASK - genoa004, task 26 26 [2628401]: mask 0x2000000 set
cpu-bind=MASK - genoa004, task 27 27 [2628402]: mask 0x2000000000000000 set
cpu-bind=MASK - genoa004, task 28 28 [2628403]: mask 0x4000000 set
cpu-bind=MASK - genoa004, task 29 29 [2628404]: mask 0x4000000000000000 set
cpu-bind=MASK - genoa004, task 30 30 [2628405]: mask 0x8000000 set
cpu-bind=MASK - genoa004, task 31 31 [2628406]: mask 0x8000000000000000 set
# final: N=100000 steps=20 ranks=32 threads_per_rank=1 integrator=kdk comm=overlap kernel=direct rsqrt=exact arithmetic_dtype=double accumulators=4 max_relative_energy_drift=3.2429078495986598e-07 tolerance=0.0001 status=OK
# timing_max_seconds total=27.888669 io=0.045230 drift=0.000107 force=25.689766 comm_wait=0.516397 kick=0.000296 energy=2.163671
# kernel_rate pair_interactions_per_second=8.174380e+09 gpair_interactions_per_second=8.174380
