cpu-bind=MASK - genoa004, task  0  0 [2629036]: mask 0x1000 set
cpu-bind=MASK - genoa004, task  1  1 [2629037]: mask 0x1000000000000 set
cpu-bind=MASK - genoa004, task  2  2 [2629038]: mask 0x2000 set
cpu-bind=MASK - genoa004, task  3  3 [2629039]: mask 0x2000000000000 set
cpu-bind=MASK - genoa004, task  4  4 [2629040]: mask 0x4000 set
cpu-bind=MASK - genoa004, task  5  5 [2629041]: mask 0x4000000000000 set
cpu-bind=MASK - genoa004, task  6  6 [2629042]: mask 0x8000 set
cpu-bind=MASK - genoa004, task  7  7 [2629043]: mask 0x8000000000000 set
cpu-bind=MASK - genoa004, task  8  8 [2629044]: mask 0x10000 set
cpu-bind=MASK - genoa004, task  9  9 [2629045]: mask 0x10000000000000 set
cpu-bind=MASK - genoa004, task 10 10 [2629046]: mask 0x20000 set
cpu-bind=MASK - genoa004, task 11 11 [2629047]: mask 0x20000000000000 set
cpu-bind=MASK - genoa004, task 12 12 [2629048]: mask 0x40000 set
cpu-bind=MASK - genoa004, task 13 13 [2629049]: mask 0x40000000000000 set
cpu-bind=MASK - genoa004, task 14 14 [2629050]: mask 0x80000 set
cpu-bind=MASK - genoa004, task 15 15 [2629051]: mask 0x80000000000000 set
cpu-bind=MASK - genoa004, task 16 16 [2629052]: mask 0x100000 set
cpu-bind=MASK - genoa004, task 17 17 [2629053]: mask 0x100000000000000 set
cpu-bind=MASK - genoa004, task 18 18 [2629054]: mask 0x200000 set
cpu-bind=MASK - genoa004, task 19 19 [2629055]: mask 0x200000000000000 set
cpu-bind=MASK - genoa004, task 20 20 [2629056]: mask 0x400000 set
cpu-bind=MASK - genoa004, task 21 21 [2629057]: mask 0x400000000000000 set
cpu-bind=MASK - genoa004, task 22 22 [2629058]: mask 0x800000 set
cpu-bind=MASK - genoa004, task 23 23 [2629059]: mask 0x800000000000000 set
cpu-bind=MASK - genoa004, task 24 24 [2629060]: mask 0x1000000 set
cpu-bind=MASK - genoa004, task 25 25 [2629061]: mask 0x1000000000000000 set
cpu-bind=MASK - genoa004, task 26 26 [2629062]: mask 0x2000000 set
cpu-bind=MASK - genoa004, task 27 27 [2629063]: mask 0x2000000000000000 set
cpu-bind=MASK - genoa004, task 28 28 [2629064]: mask 0x4000000 set
cpu-bind=MASK - genoa004, task 29 29 [2629065]: mask 0x4000000000000000 set
cpu-bind=MASK - genoa004, task 30 30 [2629066]: mask 0x8000000 set
cpu-bind=MASK - genoa004, task 31 31 [2629067]: mask 0x8000000000000000 set
# final: N=100000 steps=20 ranks=32 threads_per_rank=1 integrator=kdk comm=overlap kernel=direct rsqrt=exact arithmetic_dtype=double accumulators=4 max_relative_energy_drift=3.4389968897113093e-07 tolerance=0.0001 status=OK
# timing_max_seconds total=27.863498 io=0.039613 drift=0.000185 force=25.686898 comm_wait=0.507534 kick=0.000285 energy=2.142405
# kernel_rate pair_interactions_per_second=8.175292e+09 gpair_interactions_per_second=8.175292
