cpu-bind=MASK - genoa004, task  0  0 [2629260]: mask 0x1000 set
cpu-bind=MASK - genoa004, task  1  1 [2629261]: mask 0x1000000000000 set
cpu-bind=MASK - genoa004, task  2  2 [2629262]: mask 0x2000 set
cpu-bind=MASK - genoa004, task  3  3 [2629263]: mask 0x2000000000000 set
cpu-bind=MASK - genoa004, task  4  4 [2629264]: mask 0x4000 set
cpu-bind=MASK - genoa004, task  5  5 [2629265]: mask 0x4000000000000 set
cpu-bind=MASK - genoa004, task  6  6 [2629266]: mask 0x8000 set
cpu-bind=MASK - genoa004, task  7  7 [2629267]: mask 0x8000000000000 set
cpu-bind=MASK - genoa004, task  8  8 [2629268]: mask 0x10000 set
cpu-bind=MASK - genoa004, task  9  9 [2629269]: mask 0x10000000000000 set
cpu-bind=MASK - genoa004, task 10 10 [2629270]: mask 0x20000 set
cpu-bind=MASK - genoa004, task 11 11 [2629271]: mask 0x20000000000000 set
cpu-bind=MASK - genoa004, task 12 12 [2629272]: mask 0x40000 set
cpu-bind=MASK - genoa004, task 13 13 [2629273]: mask 0x40000000000000 set
cpu-bind=MASK - genoa004, task 14 14 [2629274]: mask 0x80000 set
cpu-bind=MASK - genoa004, task 15 15 [2629275]: mask 0x80000000000000 set
cpu-bind=MASK - genoa004, task 16 16 [2629276]: mask 0x100000 set
cpu-bind=MASK - genoa004, task 17 17 [2629277]: mask 0x100000000000000 set
cpu-bind=MASK - genoa004, task 18 18 [2629278]: mask 0x200000 set
cpu-bind=MASK - genoa004, task 19 19 [2629279]: mask 0x200000000000000 set
cpu-bind=MASK - genoa004, task 20 20 [2629280]: mask 0x400000 set
cpu-bind=MASK - genoa004, task 21 21 [2629281]: mask 0x400000000000000 set
cpu-bind=MASK - genoa004, task 22 22 [2629282]: mask 0x800000 set
cpu-bind=MASK - genoa004, task 23 23 [2629283]: mask 0x800000000000000 set
cpu-bind=MASK - genoa004, task 24 24 [2629284]: mask 0x1000000 set
cpu-bind=MASK - genoa004, task 25 25 [2629285]: mask 0x1000000000000000 set
cpu-bind=MASK - genoa004, task 26 26 [2629286]: mask 0x2000000 set
cpu-bind=MASK - genoa004, task 27 27 [2629287]: mask 0x2000000000000000 set
cpu-bind=MASK - genoa004, task 28 28 [2629288]: mask 0x4000000 set
cpu-bind=MASK - genoa004, task 29 29 [2629289]: mask 0x4000000000000000 set
cpu-bind=MASK - genoa004, task 30 30 [2629290]: mask 0x8000000 set
cpu-bind=MASK - genoa004, task 31 31 [2629291]: mask 0x8000000000000000 set
# final: N=100000 steps=20 ranks=32 threads_per_rank=1 integrator=kdk comm=overlap kernel=direct rsqrt=exact arithmetic_dtype=double accumulators=4 max_relative_energy_drift=3.4105920373308354e-07 tolerance=0.0001 status=OK
# timing_max_seconds total=27.966968 io=0.132671 drift=0.000228 force=25.678845 comm_wait=0.505883 kick=0.000299 energy=2.159944
# kernel_rate pair_interactions_per_second=8.177856e+09 gpair_interactions_per_second=8.177856
